// Jest Snapshot v1, https://goo.gl/fbAQLP

exports[`Search component renders Search 1`] = `
<DocumentFragment>
  <div>
    <label
      for="search"
    >
       Search 
    </label>
    <input
      id="search"
      name="search"
      placeholder="Search"
      type="text"
      value="string dummy"
    />
  </div>
</DocumentFragment>
`;
