// Jest Snapshot v1, https://goo.gl/fbAQLP

exports[`Article component renders Article 1`] = `
<DocumentFragment>
  <a>
     dummy data title 
  </a>
  <p>
    Author: dummy data author
  </p>
  <p>
    Description: dummy data description
  </p>
</DocumentFragment>
`;
